E:\Desenvolvimento\biz integra\DEV\GIT\biz-integra-frontend\src\main\java\br\com\onetec\infra\db\repository\ISetTipoEventoFinanceiroRepository.java
E:\Desenvolvimento\biz integra\DEV\GIT\biz-integra-frontend\src\main\java\br\com\onetec\infra\db\repository\ISetDadosEmpresaRepository.java
E:\Desenvolvimento\biz integra\DEV\GIT\biz-integra-frontend\src\main\java\br\com\onetec\infra\db\model\SetSituacaoCadastro.java
E:\Desenvolvimento\biz integra\DEV\GIT\biz-integra-frontend\src\main\java\br\com\onetec\application\views\main\configuracoessistema\modal\TipoAtendimentoDetalhesModal.java
E:\Desenvolvimento\biz integra\DEV\GIT\biz-integra-frontend\src\main\java\br\com\onetec\application\views\main\financeiro\modal\GrupoFinanceiroCadastroModal.java
E:\Desenvolvimento\biz integra\DEV\GIT\biz-integra-frontend\src\main\java\br\com\onetec\infra\db\repository\ISetTipoAtendimentoRepository.java
E:\Desenvolvimento\biz integra\DEV\GIT\biz-integra-frontend\src\main\java\br\com\onetec\infra\db\model\SetTipoPagamento.java
E:\Desenvolvimento\biz integra\DEV\GIT\biz-integra-frontend\src\main\java\br\com\onetec\application\views\main\administrativo\modal\FornecedorDetalhesModal.java
E:\Desenvolvimento\biz integra\DEV\GIT\biz-integra-frontend\src\main\java\br\com\onetec\infra\db\model\SetExecucaoServico.java
E:\Desenvolvimento\biz integra\DEV\GIT\biz-integra-frontend\src\main\java\br\com\onetec\application\views\main\configuracoessistema\modal\TipoMidiaCadastroModal.java
E:\Desenvolvimento\biz integra\DEV\GIT\biz-integra-frontend\src\main\java\br\com\onetec\application\views\main\configuracoessistema\div\TipoImovelDiv.java
E:\Desenvolvimento\biz integra\DEV\GIT\biz-integra-frontend\src\main\java\br\com\onetec\infra\db\repository\IResponsavelAgendamentoRepository.java
E:\Desenvolvimento\biz integra\DEV\GIT\biz-integra-frontend\src\main\java\br\com\onetec\infra\db\repository\ISetOrdemServicoFuncionarioAlocadoRepository.java
E:\Desenvolvimento\biz integra\DEV\GIT\biz-integra-frontend\src\main\java\br\com\onetec\infra\db\model\SetEstoque.java
E:\Desenvolvimento\biz integra\DEV\GIT\biz-integra-frontend\src\main\java\br\com\onetec\application\security\MyUserPrincipal.java
E:\Desenvolvimento\biz integra\DEV\GIT\biz-integra-frontend\src\main\java\br\com\onetec\application\views\main\configuracoessistema\modal\TipoImovelCadastroModal.java
E:\Desenvolvimento\biz integra\DEV\GIT\biz-integra-frontend\src\main\java\br\com\onetec\infra\db\repository\ISetContratoRepository.java
E:\Desenvolvimento\biz integra\DEV\GIT\biz-integra-frontend\src\main\java\br\com\onetec\cross\utilities\AutoCrudFornecedorService.java
E:\Desenvolvimento\biz integra\DEV\GIT\biz-integra-frontend\src\main\java\br\com\onetec\infra\db\model\SetSubPermissao.java
E:\Desenvolvimento\biz integra\DEV\GIT\biz-integra-frontend\src\main\java\br\com\onetec\application\service\ordemservicoservice\OrdemServicoService.java
E:\Desenvolvimento\biz integra\DEV\GIT\biz-integra-frontend\src\main\java\br\com\onetec\application\service\produtoservice\ProdutoService.java
E:\Desenvolvimento\biz integra\DEV\GIT\biz-integra-frontend\src\main\java\br\com\onetec\infra\db\repository\ISetContaCorrenteRepository.java
E:\Desenvolvimento\biz integra\DEV\GIT\biz-integra-frontend\src\main\java\br\com\onetec\infra\db\repository\IDepartamentoRepository.java
E:\Desenvolvimento\biz integra\DEV\GIT\biz-integra-frontend\src\main\java\br\com\onetec\application\service\execucaoservico\ExecucaoServicoService.java
E:\Desenvolvimento\biz integra\DEV\GIT\biz-integra-frontend\src\main\java\br\com\onetec\application\views\layouts\notificationAlert\NotificationForm.java
E:\Desenvolvimento\biz integra\DEV\GIT\biz-integra-frontend\src\main\java\br\com\onetec\infra\db\model\SetEstado.java
E:\Desenvolvimento\biz integra\DEV\GIT\biz-integra-frontend\src\main\java\br\com\onetec\application\views\main\financeiro\modal\TipoPagamentoCadastroModal.java
E:\Desenvolvimento\biz integra\DEV\GIT\biz-integra-frontend\src\main\java\br\com\onetec\infra\db\repository\ISetFuxoRecebimentoPagamentoRepository.java
E:\Desenvolvimento\biz integra\DEV\GIT\biz-integra-frontend\src\main\java\br\com\onetec\application\views\main\administrativo\div\FuncionarioDiv.java
E:\Desenvolvimento\biz integra\DEV\GIT\biz-integra-frontend\src\main\java\br\com\onetec\application\service\contacorrenteservice\ContaCorrenteService.java
E:\Desenvolvimento\biz integra\DEV\GIT\biz-integra-frontend\src\main\java\br\com\onetec\application\service\grupofinanceiroservice\GrupoFinanceiroService.java
E:\Desenvolvimento\biz integra\DEV\GIT\biz-integra-frontend\src\main\java\br\com\onetec\application\service\compraservice\CompraService.java
E:\Desenvolvimento\biz integra\DEV\GIT\biz-integra-frontend\src\main\java\br\com\onetec\infra\db\model\SetOrcamentoPosVenda.java
E:\Desenvolvimento\biz integra\DEV\GIT\biz-integra-frontend\src\main\java\br\com\onetec\infra\db\repository\ISetFaturamentoRepository.java
E:\Desenvolvimento\biz integra\DEV\GIT\biz-integra-frontend\src\main\java\br\com\onetec\application\views\main\seguranca\div\GrupoUsuariosDiv.java
E:\Desenvolvimento\biz integra\DEV\GIT\biz-integra-frontend\src\main\java\br\com\onetec\application\service\comissoesservice\ComissoesService.java
E:\Desenvolvimento\biz integra\DEV\GIT\biz-integra-frontend\src\main\java\br\com\onetec\application\views\main\configuracoessistema\modal\ServicoDetalhesModal.java
E:\Desenvolvimento\biz integra\DEV\GIT\biz-integra-frontend\src\main\java\br\com\onetec\application\views\main\configuracoessistema\ConfiguracoesSistemaView.java
E:\Desenvolvimento\biz integra\DEV\GIT\biz-integra-frontend\src\main\java\br\com\onetec\application\service\ordemservicoservice\OrdemServicoMisturaService.java
E:\Desenvolvimento\biz integra\DEV\GIT\biz-integra-frontend\src\main\java\br\com\onetec\application\views\main\configuracoessistema\modal\PragaDetalheModal.java
E:\Desenvolvimento\biz integra\DEV\GIT\biz-integra-frontend\src\main\java\br\com\onetec\application\views\main\seguranca\div\UsuariosDiv.java
E:\Desenvolvimento\biz integra\DEV\GIT\biz-integra-frontend\src\main\java\br\com\onetec\infra\db\model\SetSetorAtuacao.java
E:\Desenvolvimento\biz integra\DEV\GIT\biz-integra-frontend\src\main\java\br\com\onetec\infra\db\model\SetEventoFinanceiro.java
E:\Desenvolvimento\biz integra\DEV\GIT\biz-integra-frontend\src\main\java\br\com\onetec\domain\gateway\IApiEnderecoGateway.java
E:\Desenvolvimento\biz integra\DEV\GIT\biz-integra-frontend\src\main\java\br\com\onetec\cross\constants\ViewsTitleConst.java
E:\Desenvolvimento\biz integra\DEV\GIT\biz-integra-frontend\src\main\java\br\com\onetec\infra\db\model\SetFornecedorContato.java
E:\Desenvolvimento\biz integra\DEV\GIT\biz-integra-frontend\src\main\java\br\com\onetec\application\service\condicaopagamentoservice\AutoCrudCondicaoPagamentoService.java
E:\Desenvolvimento\biz integra\DEV\GIT\biz-integra-frontend\src\main\java\br\com\onetec\application\service\departamentoservice\DepartamentoService.java
E:\Desenvolvimento\biz integra\DEV\GIT\biz-integra-frontend\src\main\java\br\com\onetec\infra\db\model\SetResponsavelCobranca.java
E:\Desenvolvimento\biz integra\DEV\GIT\biz-integra-frontend\src\main\java\br\com\onetec\application\views\main\administrativo\modal\FuncionarioCadastroModal.java
E:\Desenvolvimento\biz integra\DEV\GIT\biz-integra-frontend\src\main\java\br\com\onetec\application\service\ordemservicoservice\OrdemServicoMateriaisService.java
E:\Desenvolvimento\biz integra\DEV\GIT\biz-integra-frontend\src\main\java\br\com\onetec\infra\db\model\SetCliente.java
E:\Desenvolvimento\biz integra\DEV\GIT\biz-integra-frontend\src\main\java\br\com\onetec\application\service\orcamentoservice\OrcamentoService.java
E:\Desenvolvimento\biz integra\DEV\GIT\biz-integra-frontend\src\main\java\br\com\onetec\infra\db\model\SetOrdemServico.java
E:\Desenvolvimento\biz integra\DEV\GIT\biz-integra-frontend\src\main\java\br\com\onetec\infra\db\repository\ITipoImovelRepository.java
E:\Desenvolvimento\biz integra\DEV\GIT\biz-integra-frontend\src\main\java\br\com\onetec\infra\db\model\SetContaCorrente.java
E:\Desenvolvimento\biz integra\DEV\GIT\biz-integra-frontend\src\main\java\br\com\onetec\application\views\main\administrativo\div\FornecedorDiv.java
E:\Desenvolvimento\biz integra\DEV\GIT\biz-integra-frontend\src\main\java\br\com\onetec\application\service\ordemservicoservice\OrdemServicoPragaService.java
E:\Desenvolvimento\biz integra\DEV\GIT\biz-integra-frontend\src\main\java\br\com\onetec\infra\db\repository\ISetControleProdutoRepository.java
E:\Desenvolvimento\biz integra\DEV\GIT\biz-integra-frontend\src\main\java\br\com\onetec\application\views\layouts\atendimentosHistorico\component\ComissoesModal.java
E:\Desenvolvimento\biz integra\DEV\GIT\biz-integra-frontend\src\main\java\br\com\onetec\infra\db\repository\IResponsavelAprovacaoRepository.java
E:\Desenvolvimento\biz integra\DEV\GIT\biz-integra-frontend\src\main\java\br\com\onetec\application\views\main\financeiro\modal\CondicaoPagamentoCadastroModal.java
E:\Desenvolvimento\biz integra\DEV\GIT\biz-integra-frontend\src\main\java\br\com\onetec\application\views\layouts\AccessDeniedView.java
E:\Desenvolvimento\biz integra\DEV\GIT\biz-integra-frontend\src\main\java\br\com\onetec\infra\db\model\SetOrcamento.java
E:\Desenvolvimento\biz integra\DEV\GIT\biz-integra-frontend\src\main\java\br\com\onetec\infra\db\repository\ISetPermissaoRepository.java
E:\Desenvolvimento\biz integra\DEV\GIT\biz-integra-frontend\src\main\java\br\com\onetec\infra\db\model\SetServicosOrcamento.java
E:\Desenvolvimento\biz integra\DEV\GIT\biz-integra-frontend\src\main\java\br\com\onetec\application\configuration\OrcamentoTransiction.java
E:\Desenvolvimento\biz integra\DEV\GIT\biz-integra-frontend\src\main\java\br\com\onetec\infra\db\repository\ISetEstoqueRepository.java
E:\Desenvolvimento\biz integra\DEV\GIT\biz-integra-frontend\src\main\java\br\com\onetec\infra\db\repository\ISetVeiculoRepository.java
E:\Desenvolvimento\biz integra\DEV\GIT\biz-integra-frontend\src\main\java\br\com\onetec\infra\db\model\SetEnderecos.java
E:\Desenvolvimento\biz integra\DEV\GIT\biz-integra-frontend\src\main\java\br\com\onetec\application\views\main\estoque\modal\DadosVeiculosModal.java
E:\Desenvolvimento\biz integra\DEV\GIT\biz-integra-frontend\src\main\java\br\com\onetec\application\views\main\administrativo\AdministrativoView.java
E:\Desenvolvimento\biz integra\DEV\GIT\biz-integra-frontend\src\main\java\br\com\onetec\application\service\execucaoservico\AutoCrudTipoAtendimentoService.java
E:\Desenvolvimento\biz integra\DEV\GIT\biz-integra-frontend\src\main\java\br\com\onetec\infra\db\repository\ISetFornecedorContatoRepository.java
E:\Desenvolvimento\biz integra\DEV\GIT\biz-integra-frontend\src\main\java\br\com\onetec\application\views\main\estoque\div\VeiculosDiv.java
E:\Desenvolvimento\biz integra\DEV\GIT\biz-integra-frontend\src\main\java\br\com\onetec\application\views\main\configuracoessistema\modal\RegiaoDetalhesModal.java
E:\Desenvolvimento\biz integra\DEV\GIT\biz-integra-frontend\src\main\java\br\com\onetec\infra\db\repository\ISetOrcamentoContatoRepository.java
E:\Desenvolvimento\biz integra\DEV\GIT\biz-integra-frontend\src\main\java\br\com\onetec\domain\usecase\securityusecase\imp\Roles.java
E:\Desenvolvimento\biz integra\DEV\GIT\biz-integra-frontend\src\main\java\br\com\onetec\application\views\main\login\CustomLoginForm.java
E:\Desenvolvimento\biz integra\DEV\GIT\biz-integra-frontend\src\main\java\br\com\onetec\application\views\main\configuracoessistema\modal\PragaCadastroModal.java
E:\Desenvolvimento\biz integra\DEV\GIT\biz-integra-frontend\src\main\java\br\com\onetec\application\views\main\administrativo\component\CompraProdutoModal.java
E:\Desenvolvimento\biz integra\DEV\GIT\biz-integra-frontend\src\main\java\br\com\onetec\infra\db\model\SetVeiculo.java
E:\Desenvolvimento\biz integra\DEV\GIT\biz-integra-frontend\src\main\java\br\com\onetec\infra\db\repository\IUsuariosRepository.java
E:\Desenvolvimento\biz integra\DEV\GIT\biz-integra-frontend\src\main\java\br\com\onetec\cross\utilities\CustomizedComboBox.java
E:\Desenvolvimento\biz integra\DEV\GIT\biz-integra-frontend\src\main\java\br\com\onetec\infra\db\repository\ISetCondicaoPagamentoRepository.java
E:\Desenvolvimento\biz integra\DEV\GIT\biz-integra-frontend\src\main\java\br\com\onetec\application\service\tipomidiaservice\TipoMidiaService.java
E:\Desenvolvimento\biz integra\DEV\GIT\biz-integra-frontend\src\main\java\br\com\onetec\application\service\clientesservice\ResponsavelAprovacaoService.java
E:\Desenvolvimento\biz integra\DEV\GIT\biz-integra-frontend\src\main\java\br\com\onetec\application\views\main\estoque\modal\ProdutoCadastroModal.java
E:\Desenvolvimento\biz integra\DEV\GIT\biz-integra-frontend\src\main\java\br\com\onetec\infra\db\repository\ISetOrdemServicoMisturasRepository.java
E:\Desenvolvimento\biz integra\DEV\GIT\biz-integra-frontend\src\main\java\br\com\onetec\infra\db\repository\ISetSubPermissaoRepository.java
E:\Desenvolvimento\biz integra\DEV\GIT\biz-integra-frontend\src\main\java\br\com\onetec\infra\db\repository\ISetArquivoOrcamentoRepository.java
E:\Desenvolvimento\biz integra\DEV\GIT\biz-integra-frontend\src\main\java\br\com\onetec\infra\db\repository\ISetPagamentoRepository.java
E:\Desenvolvimento\biz integra\DEV\GIT\biz-integra-frontend\src\main\java\br\com\onetec\application\views\layouts\atendimentosHistorico\component\PagamentoModal.java
E:\Desenvolvimento\biz integra\DEV\GIT\biz-integra-frontend\src\main\java\br\com\onetec\application\views\main\configuracoessistema\modal\SetorAtuacaoDetalhesModal.java
E:\Desenvolvimento\biz integra\DEV\GIT\biz-integra-frontend\src\main\java\br\com\onetec\application\service\orcamentocontatoservice\OrcamentoContatoService.java
E:\Desenvolvimento\biz integra\DEV\GIT\biz-integra-frontend\src\main\java\br\com\onetec\infra\db\repository\ISetOrdemServicoRepository.java
E:\Desenvolvimento\biz integra\DEV\GIT\biz-integra-frontend\src\main\java\br\com\onetec\infra\db\repository\ISetNotaFiscalRepository.java
E:\Desenvolvimento\biz integra\DEV\GIT\biz-integra-frontend\src\main\java\br\com\onetec\application\views\main\financeiro\div\GrupoFinanceiroDiv.java
E:\Desenvolvimento\biz integra\DEV\GIT\biz-integra-frontend\src\main\java\br\com\onetec\application\views\main\seguranca\modal\UsuarioDadosModal.java
E:\Desenvolvimento\biz integra\DEV\GIT\biz-integra-frontend\src\main\java\br\com\onetec\application\views\main\configuracoessistema\modal\CodigoNumeracaoModal.java
E:\Desenvolvimento\biz integra\DEV\GIT\biz-integra-frontend\src\main\java\br\com\onetec\application\views\main\configuracoessistema\modal\TipoImovelDetalhesModal.java
E:\Desenvolvimento\biz integra\DEV\GIT\biz-integra-frontend\src\main\java\br\com\onetec\infra\db\model\SetDadosEmpresa.java
E:\Desenvolvimento\biz integra\DEV\GIT\biz-integra-frontend\src\main\java\br\com\onetec\application\views\main\configuracoessistema\div\ExecucaoServicoDiv.java
E:\Desenvolvimento\biz integra\DEV\GIT\biz-integra-frontend\src\main\java\br\com\onetec\application\service\arquivoorcamentoservice\ArquivoOrcamentoService.java
E:\Desenvolvimento\biz integra\DEV\GIT\biz-integra-frontend\src\main\java\br\com\onetec\infra\db\repository\ISetCompraRepository.java
E:\Desenvolvimento\biz integra\DEV\GIT\biz-integra-frontend\src\main\java\br\com\onetec\application\views\main\seguranca\modal\GrupoUsuarioDetalhesModal.java
E:\Desenvolvimento\biz integra\DEV\GIT\biz-integra-frontend\src\main\java\br\com\onetec\application\service\pagamentoservice\PagamentoService.java
E:\Desenvolvimento\biz integra\DEV\GIT\biz-integra-frontend\src\main\java\br\com\onetec\application\service\codigonumeracaoservice\CodigoNumeracaoService.java
E:\Desenvolvimento\biz integra\DEV\GIT\biz-integra-frontend\src\main\java\br\com\onetec\infra\db\repository\ISetSetorAtuacaoRepository.java
E:\Desenvolvimento\biz integra\DEV\GIT\biz-integra-frontend\src\main\java\br\com\onetec\application\service\tipoimovelservice\TipoImovelService.java
E:\Desenvolvimento\biz integra\DEV\GIT\biz-integra-frontend\src\main\java\br\com\onetec\domain\usecase\securityusecase\imp\UseCaseSecurityImp.java
E:\Desenvolvimento\biz integra\DEV\GIT\biz-integra-frontend\src\main\java\br\com\onetec\infra\db\model\SetTecnicoAssistente.java
E:\Desenvolvimento\biz integra\DEV\GIT\biz-integra-frontend\src\main\java\br\com\onetec\infra\db\repository\IServicosOrcamentoRepository.java
E:\Desenvolvimento\biz integra\DEV\GIT\biz-integra-frontend\src\main\java\br\com\onetec\application\views\main\financeiro\modal\LancamentoFinanceiroDetalhesModal.java
E:\Desenvolvimento\biz integra\DEV\GIT\biz-integra-frontend\src\main\java\br\com\onetec\application\service\tipopagamentoservice\TipoPagamentoService.java
E:\Desenvolvimento\biz integra\DEV\GIT\biz-integra-frontend\src\main\java\br\com\onetec\infra\db\model\SetCompra.java
E:\Desenvolvimento\biz integra\DEV\GIT\biz-integra-frontend\src\main\java\br\com\onetec\infra\db\model\SetTipoImovel.java
E:\Desenvolvimento\biz integra\DEV\GIT\biz-integra-frontend\src\main\java\br\com\onetec\infra\db\repository\IRegiaoRepository.java
E:\Desenvolvimento\biz integra\DEV\GIT\biz-integra-frontend\src\main\java\br\com\onetec\application\views\main\financeiro\modal\CondicaoPagamentoDetalhesModal.java
E:\Desenvolvimento\biz integra\DEV\GIT\biz-integra-frontend\src\main\java\br\com\onetec\infra\db\model\SetCompraProduto.java
E:\Desenvolvimento\biz integra\DEV\GIT\biz-integra-frontend\src\main\java\br\com\onetec\infra\db\repository\ISetOrdemServicoPragaRepository.java
E:\Desenvolvimento\biz integra\DEV\GIT\biz-integra-frontend\src\main\java\br\com\onetec\infra\db\repository\ISetOrdemServicoExecucaoServicoRepository.java
E:\Desenvolvimento\biz integra\DEV\GIT\biz-integra-frontend\src\main\java\br\com\onetec\infra\db\repository\ISetPragaRepository.java
E:\Desenvolvimento\biz integra\DEV\GIT\biz-integra-frontend\src\main\java\br\com\onetec\application\views\main\relatorios\service\AgendamentoPrintExportService.java
E:\Desenvolvimento\biz integra\DEV\GIT\biz-integra-frontend\src\main\java\br\com\onetec\application\service\orcamentoposvendaservice\OrcamentoPosVendasService.java
E:\Desenvolvimento\biz integra\DEV\GIT\biz-integra-frontend\src\main\java\br\com\onetec\application\service\situacaopagamentoservice\AutoCrudSituacaoPagamentoService.java
E:\Desenvolvimento\biz integra\DEV\GIT\biz-integra-frontend\src\main\java\br\com\onetec\application\views\main\configuracoessistema\modal\TipoAtendimentoCadastroModal.java
E:\Desenvolvimento\biz integra\DEV\GIT\biz-integra-frontend\src\main\java\br\com\onetec\application\views\main\estoque\modal\EstoqueDadosModal.java
E:\Desenvolvimento\biz integra\DEV\GIT\biz-integra-frontend\src\main\java\br\com\onetec\application\service\clientesservice\ClientesService.java
E:\Desenvolvimento\biz integra\DEV\GIT\biz-integra-frontend\src\main\java\br\com\onetec\application\service\clientesservice\AutoExclusaoProceduralService.java
E:\Desenvolvimento\biz integra\DEV\GIT\biz-integra-frontend\src\main\java\br\com\onetec\application\service\clientesservice\ResponsavelAgendamentoService.java
E:\Desenvolvimento\biz integra\DEV\GIT\biz-integra-frontend\src\main\java\br\com\onetec\application\service\servicoorcamentos\ServicosOrcamentoService.java
E:\Desenvolvimento\biz integra\DEV\GIT\biz-integra-frontend\src\main\java\br\com\onetec\application\service\clientesservice\ResponsavelCobrancaService.java
E:\Desenvolvimento\biz integra\DEV\GIT\biz-integra-frontend\src\main\java\br\com\onetec\infra\db\model\SetResponsavelAprovacao.java
E:\Desenvolvimento\biz integra\DEV\GIT\biz-integra-frontend\src\main\java\br\com\onetec\application\views\layouts\atendimentosHistorico\div\OrcamentoDiv.java
E:\Desenvolvimento\biz integra\DEV\GIT\biz-integra-frontend\src\main\java\br\com\onetec\application\views\main\seguranca\modal\UsuarioCadastroModal.java
E:\Desenvolvimento\biz integra\DEV\GIT\biz-integra-frontend\src\main\java\br\com\onetec\infra\db\repository\ISetFornecedorRepository.java
E:\Desenvolvimento\biz integra\DEV\GIT\biz-integra-frontend\src\main\java\br\com\onetec\infra\db\model\SetDepartamento.java
E:\Desenvolvimento\biz integra\DEV\GIT\biz-integra-frontend\src\main\java\br\com\onetec\application\security\MyUserDetailsService.java
E:\Desenvolvimento\biz integra\DEV\GIT\biz-integra-frontend\src\main\java\br\com\onetec\cross\utilities\AutoCrudTipoEventoFinanceiroService.java
E:\Desenvolvimento\biz integra\DEV\GIT\biz-integra-frontend\src\main\java\br\com\onetec\application\views\main\configuracoessistema\div\ServicoDiv.java
E:\Desenvolvimento\biz integra\DEV\GIT\biz-integra-frontend\src\main\java\br\com\onetec\application\service\tipoatendimentoservice\TipoAtendimentoService.java
E:\Desenvolvimento\biz integra\DEV\GIT\biz-integra-frontend\src\main\java\br\com\onetec\application\views\main\financeiro\div\EventoFinanceiroDiv.java
E:\Desenvolvimento\biz integra\DEV\GIT\biz-integra-frontend\src\main\java\br\com\onetec\cross\utilities\ValorPorExtenso.java
E:\Desenvolvimento\biz integra\DEV\GIT\biz-integra-frontend\src\main\java\br\com\onetec\application\service\execucaoservico\AutoCrudExecucaoServicoService.java
E:\Desenvolvimento\biz integra\DEV\GIT\biz-integra-frontend\src\main\java\br\com\onetec\application\views\main\financeiro\modal\ContaCorrenteCadastroModal.java
E:\Desenvolvimento\biz integra\DEV\GIT\biz-integra-frontend\src\main\java\br\com\onetec\application\service\tipoeventofinanceiroservice\TipoEventoFinanceiroService.java
E:\Desenvolvimento\biz integra\DEV\GIT\biz-integra-frontend\src\main\java\br\com\onetec\application\views\main\configuracoessistema\modal\ExecucaoServicoDetalheModal.java
E:\Desenvolvimento\biz integra\DEV\GIT\biz-integra-frontend\src\main\java\br\com\onetec\infra\db\model\SetOrdemServicoExecucaoServico.java
E:\Desenvolvimento\biz integra\DEV\GIT\biz-integra-frontend\src\main\java\br\com\onetec\infra\db\repository\ISetExecucaoServicoRepository.java
E:\Desenvolvimento\biz integra\DEV\GIT\biz-integra-frontend\src\main\java\br\com\onetec\ApplicationStart.java
E:\Desenvolvimento\biz integra\DEV\GIT\biz-integra-frontend\src\main\java\br\com\onetec\infra\db\model\SetFaturamento.java
E:\Desenvolvimento\biz integra\DEV\GIT\biz-integra-frontend\src\main\java\br\com\onetec\application\service\eventofinanceiro\EventoFinanceiroService.java
E:\Desenvolvimento\biz integra\DEV\GIT\biz-integra-frontend\src\main\java\br\com\onetec\infra\db\repository\ISetServicoRepository.java
E:\Desenvolvimento\biz integra\DEV\GIT\biz-integra-frontend\src\main\java\br\com\onetec\infra\db\repository\ISetProdutoRepository.java
E:\Desenvolvimento\biz integra\DEV\GIT\biz-integra-frontend\src\main\java\br\com\onetec\application\service\notafiscalservice\NotaFiscalService.java
E:\Desenvolvimento\biz integra\DEV\GIT\biz-integra-frontend\src\main\java\br\com\onetec\application\views\main\administrativo\div\ComprasDiv.java
E:\Desenvolvimento\biz integra\DEV\GIT\biz-integra-frontend\src\main\java\br\com\onetec\application\service\veiculoservice\VeiculoService.java
E:\Desenvolvimento\biz integra\DEV\GIT\biz-integra-frontend\src\main\java\br\com\onetec\application\service\userservice\UsuarioService.java
E:\Desenvolvimento\biz integra\DEV\GIT\biz-integra-frontend\src\main\java\br\com\onetec\application\views\main\relatorios\service\MidiaPrintExportService.java
E:\Desenvolvimento\biz integra\DEV\GIT\biz-integra-frontend\src\main\java\br\com\onetec\application\views\layouts\atendimentosHistorico\SetClienteTransiction.java
E:\Desenvolvimento\biz integra\DEV\GIT\biz-integra-frontend\src\main\java\br\com\onetec\application\service\tipopagamentoservice\AutoCrudTipoPagamentoService.java
E:\Desenvolvimento\biz integra\DEV\GIT\biz-integra-frontend\src\main\java\br\com\onetec\infra\db\repository\IEstadoRepository.java
E:\Desenvolvimento\biz integra\DEV\GIT\biz-integra-frontend\src\main\java\br\com\onetec\domain\usecase\apienderecousecase\imp\IApiEnderecoUseCaseImp.java
E:\Desenvolvimento\biz integra\DEV\GIT\biz-integra-frontend\src\main\java\br\com\onetec\infra\db\repository\IClienteRepository.java
E:\Desenvolvimento\biz integra\DEV\GIT\biz-integra-frontend\src\main\java\br\com\onetec\cross\utilities\UtilitySystemConfigService.java
E:\Desenvolvimento\biz integra\DEV\GIT\biz-integra-frontend\src\main\java\br\com\onetec\application\views\main\estoque\modal\EstoqueCadastroModal.java
E:\Desenvolvimento\biz integra\DEV\GIT\biz-integra-frontend\src\main\java\br\com\onetec\application\views\main\administrativo\modal\FuncionarioDetalhesModal.java
E:\Desenvolvimento\biz integra\DEV\GIT\biz-integra-frontend\src\main\java\br\com\onetec\application\service\fornecedorcontatoservice\FornecedorContatoService.java
E:\Desenvolvimento\biz integra\DEV\GIT\biz-integra-frontend\src\main\java\br\com\onetec\infra\db\repository\ISetComissoesRepository.java
E:\Desenvolvimento\biz integra\DEV\GIT\biz-integra-frontend\src\main\java\br\com\onetec\application\views\main\administrativo\modal\CompraCadastroModal.java
E:\Desenvolvimento\biz integra\DEV\GIT\biz-integra-frontend\src\main\java\br\com\onetec\application\views\layouts\atendimentosHistorico\component\NotaFiscalModal.java
E:\Desenvolvimento\biz integra\DEV\GIT\biz-integra-frontend\src\main\java\br\com\onetec\infra\db\model\SetControleProduto.java
E:\Desenvolvimento\biz integra\DEV\GIT\biz-integra-frontend\src\main\java\br\com\onetec\infra\db\model\SetComissoes.java
E:\Desenvolvimento\biz integra\DEV\GIT\biz-integra-frontend\src\main\java\br\com\onetec\application\views\main\financeiro\modal\TipoPagamentoDetalheModal.java
E:\Desenvolvimento\biz integra\DEV\GIT\biz-integra-frontend\src\main\java\br\com\onetec\application\views\main\financeiro\modal\LancamentoFinanceiroModal.java
E:\Desenvolvimento\biz integra\DEV\GIT\biz-integra-frontend\src\main\java\br\com\onetec\application\views\main\seguranca\ConfiguracoesSegurancaView.java
E:\Desenvolvimento\biz integra\DEV\GIT\biz-integra-frontend\src\main\java\br\com\onetec\domain\usecase\apienderecousecase\IApiEnderecoUseCase.java
E:\Desenvolvimento\biz integra\DEV\GIT\biz-integra-frontend\src\main\java\br\com\onetec\application\views\main\financeiro\FinanceiroView.java
E:\Desenvolvimento\biz integra\DEV\GIT\biz-integra-frontend\src\main\java\br\com\onetec\infra\db\repository\ISetTecnicoAssistenteRepository.java
E:\Desenvolvimento\biz integra\DEV\GIT\biz-integra-frontend\src\main\java\br\com\onetec\infra\db\model\SetGrupoUsuario.java
E:\Desenvolvimento\biz integra\DEV\GIT\biz-integra-frontend\src\main\java\br\com\onetec\infra\db\model\SetProduto.java
E:\Desenvolvimento\biz integra\DEV\GIT\biz-integra-frontend\src\main\java\br\com\onetec\application\views\main\clientes\modal\CadastroClientesModal.java
E:\Desenvolvimento\biz integra\DEV\GIT\biz-integra-frontend\src\main\java\br\com\onetec\application\service\compraprodutoservice\CompraProdutoService.java
E:\Desenvolvimento\biz integra\DEV\GIT\biz-integra-frontend\src\main\java\br\com\onetec\application\views\main\clientes\modal\DadosClienteModal.java
E:\Desenvolvimento\biz integra\DEV\GIT\biz-integra-frontend\src\main\java\br\com\onetec\infra\db\repository\ISetSituacaoPagamentoRepository.java
E:\Desenvolvimento\biz integra\DEV\GIT\biz-integra-frontend\src\main\java\br\com\onetec\application\views\main\seguranca\div\DadosEmpresaDiv.java
E:\Desenvolvimento\biz integra\DEV\GIT\biz-integra-frontend\src\main\java\br\com\onetec\application\views\main\financeiro\modal\GrupoFinanceiroDetalhesModal.java
E:\Desenvolvimento\biz integra\DEV\GIT\biz-integra-frontend\src\main\java\br\com\onetec\infra\db\model\SetFornecedor.java
E:\Desenvolvimento\biz integra\DEV\GIT\biz-integra-frontend\src\main\java\br\com\onetec\application\service\servicoservices\ServicoService.java
E:\Desenvolvimento\biz integra\DEV\GIT\biz-integra-frontend\src\main\java\br\com\onetec\infra\db\model\SetResponsavelAgendamento.java
E:\Desenvolvimento\biz integra\DEV\GIT\biz-integra-frontend\src\main\java\br\com\onetec\application\views\main\administrativo\modal\FornecedorCadastroModal.java
E:\Desenvolvimento\biz integra\DEV\GIT\biz-integra-frontend\src\main\java\br\com\onetec\application\views\main\configuracoessistema\div\RegiaoDiv.java
E:\Desenvolvimento\biz integra\DEV\GIT\biz-integra-frontend\src\main\java\br\com\onetec\application\views\main\financeiro\modal\ContaCorrenteDetalheModal.java
E:\Desenvolvimento\biz integra\DEV\GIT\biz-integra-frontend\src\main\java\br\com\onetec\application\views\main\configuracoessistema\modal\ExecucaoServicoModal.java
E:\Desenvolvimento\biz integra\DEV\GIT\biz-integra-frontend\src\main\java\br\com\onetec\application\views\main\configuracoessistema\modal\ServicoCadastroModal.java
E:\Desenvolvimento\biz integra\DEV\GIT\biz-integra-frontend\src\main\java\br\com\onetec\application\views\layouts\atendimentosHistorico\div\ServicosExecutadosDiv.java
E:\Desenvolvimento\biz integra\DEV\GIT\biz-integra-frontend\src\main\java\br\com\onetec\application\service\grupousuarioservice\GrupoUsuarioService.java
E:\Desenvolvimento\biz integra\DEV\GIT\biz-integra-frontend\src\main\java\br\com\onetec\application\views\layouts\atendimentosHistorico\component\PosVendaModal.java
E:\Desenvolvimento\biz integra\DEV\GIT\biz-integra-frontend\src\main\java\br\com\onetec\application\views\main\configuracoessistema\modal\SituacaoDetalhesModal.java
E:\Desenvolvimento\biz integra\DEV\GIT\biz-integra-frontend\src\main\java\br\com\onetec\application\views\main\estoque\div\MovimentoDiv.java
E:\Desenvolvimento\biz integra\DEV\GIT\biz-integra-frontend\src\main\java\br\com\onetec\application\service\situacaopagamentoservice\SituacaoPagamentoService.java
E:\Desenvolvimento\biz integra\DEV\GIT\biz-integra-frontend\src\main\java\br\com\onetec\application\views\main\administrativo\modal\DepartamentoDetalhesModal.java
E:\Desenvolvimento\biz integra\DEV\GIT\biz-integra-frontend\src\main\java\br\com\onetec\application\views\main\financeiro\div\ContaCorrenteDiv.java
E:\Desenvolvimento\biz integra\DEV\GIT\biz-integra-frontend\src\main\java\br\com\onetec\infra\db\model\SetOrcamentoContato.java
E:\Desenvolvimento\biz integra\DEV\GIT\biz-integra-frontend\src\main\java\br\com\onetec\application\service\faturamentoservice\FaturamentoService.java
E:\Desenvolvimento\biz integra\DEV\GIT\biz-integra-frontend\src\main\java\br\com\onetec\infra\db\repository\ISetSituacaoCadastroRepository.java
E:\Desenvolvimento\biz integra\DEV\GIT\biz-integra-frontend\src\main\java\br\com\onetec\application\service\estoqueservice\EstoqueService.java
E:\Desenvolvimento\biz integra\DEV\GIT\biz-integra-frontend\src\main\java\br\com\onetec\cross\constants\MenuNavItemVerticalTitleConst.java
E:\Desenvolvimento\biz integra\DEV\GIT\biz-integra-frontend\src\main\java\br\com\onetec\infra\db\model\SetArquivoOrcamento.java
E:\Desenvolvimento\biz integra\DEV\GIT\biz-integra-frontend\src\main\java\br\com\onetec\application\views\layouts\atendimentosHistorico\AtendimentoHistoricoView.java
E:\Desenvolvimento\biz integra\DEV\GIT\biz-integra-frontend\src\main\java\br\com\onetec\application\views\main\configuracoessistema\div\PragasDiv.java
E:\Desenvolvimento\biz integra\DEV\GIT\biz-integra-frontend\src\main\java\br\com\onetec\infra\db\repository\IResponsavelCobrancaRepository.java
E:\Desenvolvimento\biz integra\DEV\GIT\biz-integra-frontend\src\main\java\br\com\onetec\application\views\layouts\atendimentosHistorico\component\ContatoModal.java
E:\Desenvolvimento\biz integra\DEV\GIT\biz-integra-frontend\src\main\java\br\com\onetec\infra\db\repository\ISetOrcamentoRepository.java
E:\Desenvolvimento\biz integra\DEV\GIT\biz-integra-frontend\src\main\java\br\com\onetec\application\views\MainLayout.java
E:\Desenvolvimento\biz integra\DEV\GIT\biz-integra-frontend\src\main\java\br\com\onetec\application\model\Endereco.java
E:\Desenvolvimento\biz integra\DEV\GIT\biz-integra-frontend\src\main\java\br\com\onetec\application\views\layouts\atendimentosHistorico\modal\OrdemServicoCadastroModal.java
E:\Desenvolvimento\biz integra\DEV\GIT\biz-integra-frontend\src\main\java\br\com\onetec\application\views\main\financeiro\modal\EventoFinanceiroCadastroModal.java
E:\Desenvolvimento\biz integra\DEV\GIT\biz-integra-frontend\src\main\java\br\com\onetec\application\views\main\financeiro\modal\TipoEventoFinanceiroCadastroModal.java
E:\Desenvolvimento\biz integra\DEV\GIT\biz-integra-frontend\src\main\java\br\com\onetec\application\views\main\relatorios\RelatoriosView.java
E:\Desenvolvimento\biz integra\DEV\GIT\biz-integra-frontend\src\main\java\br\com\onetec\infra\db\model\SetTipoEventoFinanceiro.java
E:\Desenvolvimento\biz integra\DEV\GIT\biz-integra-frontend\src\main\java\br\com\onetec\application\views\main\configuracoessistema\modal\TipoMidiaDetalhesModal.java
E:\Desenvolvimento\biz integra\DEV\GIT\biz-integra-frontend\src\main\java\br\com\onetec\application\views\main\clientes\ClientesView.java
E:\Desenvolvimento\biz integra\DEV\GIT\biz-integra-frontend\src\main\java\br\com\onetec\infra\db\repository\ISetOrdemServicoMateriaisRepository.java
E:\Desenvolvimento\biz integra\DEV\GIT\biz-integra-frontend\src\main\java\br\com\onetec\infra\db\model\SetPermissao.java
E:\Desenvolvimento\biz integra\DEV\GIT\biz-integra-frontend\src\main\java\br\com\onetec\application\views\main\estoque\EstoqueView.java
E:\Desenvolvimento\biz integra\DEV\GIT\biz-integra-frontend\src\main\java\br\com\onetec\application\service\ordemservicoservice\OrdemServicoFuncionarioAlocadoService.java
E:\Desenvolvimento\biz integra\DEV\GIT\biz-integra-frontend\src\main\java\br\com\onetec\infra\db\repository\ISetEventoFinanceiroRepository.java
E:\Desenvolvimento\biz integra\DEV\GIT\biz-integra-frontend\src\main\java\br\com\onetec\application\views\main\financeiro\div\LancamentoFinanceiroDiv.java
E:\Desenvolvimento\biz integra\DEV\GIT\biz-integra-frontend\src\main\java\br\com\onetec\infra\db\repository\ISetCompraProdutoRepository.java
E:\Desenvolvimento\biz integra\DEV\GIT\biz-integra-frontend\src\main\java\br\com\onetec\application\service\tecnicoassistenteservice\TecnicoAssistenteService.java
E:\Desenvolvimento\biz integra\DEV\GIT\biz-integra-frontend\src\main\java\br\com\onetec\application\security\SecurityConfig.java
E:\Desenvolvimento\biz integra\DEV\GIT\biz-integra-frontend\src\main\java\br\com\onetec\application\views\main\financeiro\div\TipoEventoFinanceiroDiv.java
E:\Desenvolvimento\biz integra\DEV\GIT\biz-integra-frontend\src\main\java\br\com\onetec\application\service\clientesservice\EstadoService.java
E:\Desenvolvimento\biz integra\DEV\GIT\biz-integra-frontend\src\main\java\br\com\onetec\application\views\main\administrativo\modal\DepartamentoCadastroModal.java
E:\Desenvolvimento\biz integra\DEV\GIT\biz-integra-frontend\src\main\java\br\com\onetec\application\views\main\estoque\modal\ProdutoDetalheModal.java
E:\Desenvolvimento\biz integra\DEV\GIT\biz-integra-frontend\src\main\java\br\com\onetec\application\views\main\seguranca\modal\GrupoUsuarioCadastroModal.java
E:\Desenvolvimento\biz integra\DEV\GIT\biz-integra-frontend\src\main\java\br\com\onetec\infra\db\model\SetGrupoFinanceiro.java
E:\Desenvolvimento\biz integra\DEV\GIT\biz-integra-frontend\src\main\java\br\com\onetec\infra\db\repository\ISetOrcamentoPosVendaRepository.java
E:\Desenvolvimento\biz integra\DEV\GIT\biz-integra-frontend\src\main\java\br\com\onetec\application\views\main\configuracoessistema\div\SituacaoCadastroDiv.java
E:\Desenvolvimento\biz integra\DEV\GIT\biz-integra-frontend\src\main\java\br\com\onetec\infra\rest\provider\ApiEnderecoRest.java
E:\Desenvolvimento\biz integra\DEV\GIT\biz-integra-frontend\src\main\java\br\com\onetec\application\service\securityservice\SecurityServiceImp.java
E:\Desenvolvimento\biz integra\DEV\GIT\biz-integra-frontend\src\main\java\br\com\onetec\application\views\main\configuracoessistema\modal\RegiaoCadastroModal.java
E:\Desenvolvimento\biz integra\DEV\GIT\biz-integra-frontend\src\main\java\br\com\onetec\application\model\Departamento.java
E:\Desenvolvimento\biz integra\DEV\GIT\biz-integra-frontend\src\main\java\br\com\onetec\application\service\setoratuacaoservice\SetorAtuacaoService.java
E:\Desenvolvimento\biz integra\DEV\GIT\biz-integra-frontend\src\main\java\br\com\onetec\domain\entity\EApiEnderecoResponse.java
E:\Desenvolvimento\biz integra\DEV\GIT\biz-integra-frontend\src\main\java\br\com\onetec\application\views\main\estoque\div\ProdutosDiv.java
E:\Desenvolvimento\biz integra\DEV\GIT\biz-integra-frontend\src\main\java\br\com\onetec\application\views\main\home\HomeView.java
E:\Desenvolvimento\biz integra\DEV\GIT\biz-integra-frontend\src\main\java\br\com\onetec\infra\db\model\SetCondicaoPagamento.java
E:\Desenvolvimento\biz integra\DEV\GIT\biz-integra-frontend\src\main\java\br\com\onetec\infra\db\model\SetPraga.java
E:\Desenvolvimento\biz integra\DEV\GIT\biz-integra-frontend\src\main\java\br\com\onetec\application\views\main\configuracoessistema\modal\SetorAtuacaoCadastroModal.java
E:\Desenvolvimento\biz integra\DEV\GIT\biz-integra-frontend\src\main\java\br\com\onetec\application\views\main\financeiro\modal\EventoFinanceiroDetalhesModal.java
E:\Desenvolvimento\biz integra\DEV\GIT\biz-integra-frontend\src\main\java\br\com\onetec\infra\db\model\SetContrato.java
E:\Desenvolvimento\biz integra\DEV\GIT\biz-integra-frontend\src\main\java\br\com\onetec\infra\db\model\SetOrdemServicoMateriais.java
E:\Desenvolvimento\biz integra\DEV\GIT\biz-integra-frontend\src\main\java\br\com\onetec\infra\db\repository\ISetCodigoNumeracaoRepository.java
E:\Desenvolvimento\biz integra\DEV\GIT\biz-integra-frontend\src\main\java\br\com\onetec\application\service\ordemservicoexecucaoservicoservice\OrdemServicoExecucaoServicoService.java
E:\Desenvolvimento\biz integra\DEV\GIT\biz-integra-frontend\src\main\java\br\com\onetec\application\views\layouts\atendimentosHistorico\modal\OrdemServicoDadosModal.java
E:\Desenvolvimento\biz integra\DEV\GIT\biz-integra-frontend\src\main\java\br\com\onetec\infra\db\model\SetPagamento.java
E:\Desenvolvimento\biz integra\DEV\GIT\biz-integra-frontend\src\main\java\br\com\onetec\infra\db\repository\ISetTipoPagamentoRepository.java
E:\Desenvolvimento\biz integra\DEV\GIT\biz-integra-frontend\src\main\java\br\com\onetec\application\service\enderecoservice\EnderecoService.java
E:\Desenvolvimento\biz integra\DEV\GIT\biz-integra-frontend\src\main\java\br\com\onetec\application\service\contratoservice\ContratoService.java
E:\Desenvolvimento\biz integra\DEV\GIT\biz-integra-frontend\src\main\java\br\com\onetec\application\views\layouts\atendimentosHistorico\modal\OrcamentoCadastroModal.java
E:\Desenvolvimento\biz integra\DEV\GIT\biz-integra-frontend\src\main\java\br\com\onetec\application\views\main\configuracoessistema\div\TipoAtendimentoDiv.java
E:\Desenvolvimento\biz integra\DEV\GIT\biz-integra-frontend\src\main\java\br\com\onetec\infra\db\model\SetCodigoNumeracao.java
E:\Desenvolvimento\biz integra\DEV\GIT\biz-integra-frontend\src\main\java\br\com\onetec\application\service\dadosempresaservice\DadosEmpresaService.java
E:\Desenvolvimento\biz integra\DEV\GIT\biz-integra-frontend\src\main\java\br\com\onetec\application\views\layouts\GenericGridEditor.java
E:\Desenvolvimento\biz integra\DEV\GIT\biz-integra-frontend\src\main\java\br\com\onetec\application\views\layouts\atendimentosHistorico\modal\OrcamentoDetalheModal.java
E:\Desenvolvimento\biz integra\DEV\GIT\biz-integra-frontend\src\main\java\br\com\onetec\application\views\layouts\atendimentosHistorico\component\ServicoModal.java
E:\Desenvolvimento\biz integra\DEV\GIT\biz-integra-frontend\src\main\java\br\com\onetec\infra\db\repository\ISetGrupoUsuarioRepository.java
E:\Desenvolvimento\biz integra\DEV\GIT\biz-integra-frontend\src\main\java\br\com\onetec\application\configuration\UsuarioAutenticadoConfig.java
E:\Desenvolvimento\biz integra\DEV\GIT\biz-integra-frontend\src\main\java\br\com\onetec\application\views\main\financeiro\modal\TipoEventoFinanceiroDetalheModal.java
E:\Desenvolvimento\biz integra\DEV\GIT\biz-integra-frontend\src\main\java\br\com\onetec\infra\db\model\SetFuncionario.java
E:\Desenvolvimento\biz integra\DEV\GIT\biz-integra-frontend\src\main\java\br\com\onetec\application\service\lancamentoservice\LancamentoService.java
E:\Desenvolvimento\biz integra\DEV\GIT\biz-integra-frontend\src\main\java\br\com\onetec\application\views\main\relatorios\div\RelatorioAgendamentoDiv.java
E:\Desenvolvimento\biz integra\DEV\GIT\biz-integra-frontend\src\main\java\br\com\onetec\application\views\main\administrativo\modal\CompraDetalhesModal.java
E:\Desenvolvimento\biz integra\DEV\GIT\biz-integra-frontend\src\main\java\br\com\onetec\application\service\permissaoservice\PermissaoService.java
E:\Desenvolvimento\biz integra\DEV\GIT\biz-integra-frontend\src\main\java\br\com\onetec\application\views\main\configuracoessistema\modal\SituacaoCadastroModal.java
E:\Desenvolvimento\biz integra\DEV\GIT\biz-integra-frontend\src\main\java\br\com\onetec\application\service\utilservices\ApiEnderecoService.java
E:\Desenvolvimento\biz integra\DEV\GIT\biz-integra-frontend\src\main\java\br\com\onetec\infra\db\model\SetSituacaoPagamento.java
E:\Desenvolvimento\biz integra\DEV\GIT\biz-integra-frontend\src\main\java\br\com\onetec\infra\db\model\SetOrdemServicoPraga.java
E:\Desenvolvimento\biz integra\DEV\GIT\biz-integra-frontend\src\main\java\br\com\onetec\application\views\main\configuracoessistema\div\TipoMidiaDiv.java
E:\Desenvolvimento\biz integra\DEV\GIT\biz-integra-frontend\src\main\java\br\com\onetec\application\service\situacaocadastroservice\SituacaoCadastroService.java
E:\Desenvolvimento\biz integra\DEV\GIT\biz-integra-frontend\src\main\java\br\com\onetec\infra\db\model\SetServico.java
E:\Desenvolvimento\biz integra\DEV\GIT\biz-integra-frontend\src\main\java\br\com\onetec\application\service\funcionarioservice\FuncionarioService.java
E:\Desenvolvimento\biz integra\DEV\GIT\biz-integra-frontend\src\main\java\br\com\onetec\infra\db\model\SetNotaFiscal.java
E:\Desenvolvimento\biz integra\DEV\GIT\biz-integra-frontend\src\main\java\br\com\onetec\cross\constants\MessageNotificationConst.java
E:\Desenvolvimento\biz integra\DEV\GIT\biz-integra-frontend\src\main\java\br\com\onetec\infra\db\model\SetRegiao.java
E:\Desenvolvimento\biz integra\DEV\GIT\biz-integra-frontend\src\main\java\br\com\onetec\infra\db\model\SetFluxoRecebimentoPagamento.java
E:\Desenvolvimento\biz integra\DEV\GIT\biz-integra-frontend\src\main\java\br\com\onetec\application\views\main\configuracoessistema\div\SetorAtuacaoDiv.java
E:\Desenvolvimento\biz integra\DEV\GIT\biz-integra-frontend\src\main\java\br\com\onetec\infra\db\model\SetTipoAtendimento.java
E:\Desenvolvimento\biz integra\DEV\GIT\biz-integra-frontend\src\main\java\br\com\onetec\application\model\Cliente.java
E:\Desenvolvimento\biz integra\DEV\GIT\biz-integra-frontend\src\main\java\br\com\onetec\application\views\main\estoque\modal\CadastroVeiculoModal.java
E:\Desenvolvimento\biz integra\DEV\GIT\biz-integra-frontend\src\main\java\br\com\onetec\application\views\main\financeiro\div\TipopagamentoDiv.java
E:\Desenvolvimento\biz integra\DEV\GIT\biz-integra-frontend\src\main\java\br\com\onetec\application\views\main\login\LoginView.java
E:\Desenvolvimento\biz integra\DEV\GIT\biz-integra-frontend\src\main\java\br\com\onetec\infra\db\model\SetOrdemServicoFuncionarioAlocado.java
E:\Desenvolvimento\biz integra\DEV\GIT\biz-integra-frontend\src\main\java\br\com\onetec\infra\rest\dto\Address.java
E:\Desenvolvimento\biz integra\DEV\GIT\biz-integra-frontend\src\main\java\br\com\onetec\infra\db\model\SetTipoMidia.java
E:\Desenvolvimento\biz integra\DEV\GIT\biz-integra-frontend\src\main\java\br\com\onetec\application\views\main\financeiro\div\CondicaoPagamentoDiv.java
E:\Desenvolvimento\biz integra\DEV\GIT\biz-integra-frontend\src\main\java\br\com\onetec\infra\db\model\SetUsuarios.java
E:\Desenvolvimento\biz integra\DEV\GIT\biz-integra-frontend\src\main\java\br\com\onetec\application\service\pragaservice\PragaService.java
E:\Desenvolvimento\biz integra\DEV\GIT\biz-integra-frontend\src\main\java\br\com\onetec\application\service\fornecedorservice\FornecedorService.java
E:\Desenvolvimento\biz integra\DEV\GIT\biz-integra-frontend\src\main\java\br\com\onetec\application\service\utilservices\AutoCrudEventoFinanceiroService.java
E:\Desenvolvimento\biz integra\DEV\GIT\biz-integra-frontend\src\main\java\br\com\onetec\application\service\situacaocadastroservice\AutoCrudSituacaoCadastroService.java
E:\Desenvolvimento\biz integra\DEV\GIT\biz-integra-frontend\src\main\java\br\com\onetec\cross\utilities\AutoCrudContaCorrenteService.java
E:\Desenvolvimento\biz integra\DEV\GIT\biz-integra-frontend\src\main\java\br\com\onetec\infra\db\repository\ITipoMidiaRepository.java
E:\Desenvolvimento\biz integra\DEV\GIT\biz-integra-frontend\src\main\java\br\com\onetec\infra\db\repository\IFuncionarioRepository.java
E:\Desenvolvimento\biz integra\DEV\GIT\biz-integra-frontend\src\main\java\br\com\onetec\cross\constants\ModalMessageConst.java
E:\Desenvolvimento\biz integra\DEV\GIT\biz-integra-frontend\src\main\java\br\com\onetec\application\views\main\configuracoessistema\div\CodigoNumeracaoDiv.java
E:\Desenvolvimento\biz integra\DEV\GIT\biz-integra-frontend\src\main\java\br\com\onetec\application\service\condicaopagamentoservice\CondicaoPagamentoService.java
E:\Desenvolvimento\biz integra\DEV\GIT\biz-integra-frontend\src\main\java\br\com\onetec\infra\db\repository\IEnderecosRepository.java
E:\Desenvolvimento\biz integra\DEV\GIT\biz-integra-frontend\src\main\java\br\com\onetec\infra\db\repository\ISetGrupoFinanceiroRepository.java
E:\Desenvolvimento\biz integra\DEV\GIT\biz-integra-frontend\src\main\java\br\com\onetec\application\service\regiaoservice\RegiaoService.java
E:\Desenvolvimento\biz integra\DEV\GIT\biz-integra-frontend\src\main\java\br\com\onetec\application\views\main\relatorios\div\RelatorioMidiasDiv.java
E:\Desenvolvimento\biz integra\DEV\GIT\biz-integra-frontend\src\main\java\br\com\onetec\cross\constants\FinanceiroDataConst.java
E:\Desenvolvimento\biz integra\DEV\GIT\biz-integra-frontend\src\main\java\br\com\onetec\infra\db\model\SetOrdemServicoMisturas.java
